[satumomen.com/preview/vintage-peacock.html]
[backblue.gif]
[fade.gif]
[index.html]
[satumomen.com/themes/vintage-peacock/vintage-peacock.jpg]
[assets.satumomen.com/images/media/1-media-1690692406.png]
[satumomen.com/plugins/splide@4.1.4/splide.min.css]
[satumomen.com/plugins/animate.css@4.1.1/animate.min.css]
[satumomen.com/themes/bootstrap.min.css]
[unpkg.com/@phosphor-icons/web@2.0.3/src/fill/style.css]
[satumomen.com/themes/themesda7b.css]
[satumomen.com/fonts/million_dreams/fonts.css]
[satumomen.com/fonts/brittany_signature/BrittanySignature.css]
[satumomen.com/fonts/photograph_signature/fonts.css]
[satumomen.com/fonts/heatwood/Heatwood.css]
[satumomen.com/themes/vintage-peacock/bg.jpg]
[satumomen.com/themes/vintage-peacock/frame-tm.png]
[satumomen.com/themes/vintage-peacock/frame-bm.png]
[satumomen.com/themes/vintage-peacock/frame-tl.png]
[satumomen.com/themes/vintage-peacock/frame-tr.png]
[satumomen.com/themes/vintage-peacock/frame-tl-2.png]
[satumomen.com/themes/vintage-peacock/frame-tr-2.png]
[satumomen.com/themes/vintage-peacock/frame-bl.png]
[satumomen.com/themes/vintage-peacock/frame-br.png]
[assets.satumomen.com/images/galleries/111607-gallery-1695051852.png]
[satumomen.com/images/no-image.jpg]
[assets.satumomen.com/images/galleries/111607-gallery-1689868039.jpg]
[assets.satumomen.com/images/galleries/111607-gallery-1689868029.jpg]
[assets.satumomen.com/images/galleries/111607-gallery-1689868075.jpg]
[assets.satumomen.com/images/galleries/111607-gallery-1689868078.jpg]
[assets.satumomen.com/images/galleries/111607-gallery-1689868058.jpg]
[assets.satumomen.com/images/galleries/111607-gallery-1689868045.jpg]
[assets.satumomen.com/images/no-image.jpg]
[assets.satumomen.com/images/galleries/23358-gallery-1666958913.jpg]
[assets.satumomen.com/images/galleries/23358-gallery-1666958993.jpg]
[satumomen.com/images/btn_app_store.png]
[satumomen.com/images/btn_play_store.png]
[satumomen.com/js/appda7b.js]
[satumomen.com/plugins/splide@4.1.4/splide.min.js]
[satumomen.com/preview/vintage-peacock.html]
[satumomen.com/plugins/splide@4.1.4/splide.min.css]
[satumomen.com/plugins/animate.css@4.1.1/animate.min.css]
[satumomen.com/themes/bootstrap.min.css]
[satumomen.com/themes/themev2da7b.js]
[unpkg.com/@phosphor-icons/web@2.0.3/src/fill/Phosphor-Fill.woff2]
[unpkg.com/@phosphor-icons/web@2.0.3/src/fill/Phosphor-Fill.woff]
[unpkg.com/@phosphor-icons/web@2.0.3/src/fill/Phosphor-Fill.ttf]
[unpkg.com/@phosphor-icons/web@2.0.3/src/fill/style.css]
[satumomen.com/themes/themesda7b.css]
[satumomen.com/fonts/million_dreams/MillionDreams.otf]
[satumomen.com/fonts/million_dreams/milliondreams-webfont.2a.delayed]
[satumomen.com/fonts/million_dreams/milliondreams-webfont.woff]
[satumomen.com/fonts/million_dreams/fonts.css]
[satumomen.com/fonts/brittany_signature/BrittanySignature.eot]
[satumomen.com/fonts/brittany_signature/BrittanySignatured41d.eot]
[satumomen.com/fonts/brittany_signature/BrittanySignature.woff2]
[satumomen.com/fonts/brittany_signature/BrittanySignature.woff]
[satumomen.com/fonts/brittany_signature/BrittanySignature.ttf]
[satumomen.com/fonts/brittany_signature/BrittanySignature.css]
[satumomen.com/fonts/brittany_signature/BrittanySignature.svg]
[satumomen.com/fonts/photograph_signature/PhotographSignature.ttf]
[satumomen.com/fonts/photograph_signature/fonts.css]
[satumomen.com/fonts/heatwood/fonts/Heatwood.eot]
[satumomen.com/fonts/heatwood/fonts/Heatwoodd41d.eot]
[satumomen.com/fonts/heatwood/fonts/Heatwood.woff2]
[satumomen.com/fonts/heatwood/fonts/Heatwood.woff]
[satumomen.com/fonts/heatwood/fonts/Heatwood.ttf]
[satumomen.com/fonts/heatwood/Heatwood.css]
[satumomen.com/fonts/heatwood/fonts/Heatwood.svg]
[unpkg.com/@phosphor-icons/web@2.0.3/src/fill/Phosphor-Fill.html]
[satumomen.com/fonts/million_dreams/milliondreams-webfont.html]
[satumomen.com/fonts/million_dreams/milliondreams-webfont-2.html]
[satumomen.com/fonts/brittany_signature/BrittanySignature.svg]
[satumomen.com/fonts/heatwood/fonts/Heatwood.svg]
